[2025-07-23T00:33:57.506146] [Main execution] Error occurred: ConfigError: Failed to import class 'src.training.losses.BCEDiceLoss'
Details: No module named 'src.training'
Traceback:
Traceback (most recent call last):
  File "C:\Users\fgrv\Dev\CursorProjects\crackseg\src\crackseg\utils\factory\factory.py", line 32, in import_class
    module = import_module(module_path)
             ^^^^^^^^^^^^^^^^^^^^^^^^^^
  File "C:\Users\fgrv\miniconda3\envs\crackseg\Lib\importlib\__init__.py", line 90, in import_module
    return _bootstrap._gcd_import(name[level:], package, level)
           ^^^^^^^^^^^^^^^^^^^^^^^^^^^^^^^^^^^^^^^^^^^^^^^^^^^^
  File "<frozen importlib._bootstrap>", line 1387, in _gcd_import
  File "<frozen importlib._bootstrap>", line 1360, in _find_and_load
  File "<frozen importlib._bootstrap>", line 1310, in _find_and_load_unlocked
  File "<frozen importlib._bootstrap>", line 488, in _call_with_frames_removed
  File "<frozen importlib._bootstrap>", line 1387, in _gcd_import
  File "<frozen importlib._bootstrap>", line 1360, in _find_and_load
  File "<frozen importlib._bootstrap>", line 1324, in _find_and_load_unlocked
ModuleNotFoundError: No module named 'src.training'

The above exception was the direct cause of the following exception:

Traceback (most recent call last):
  File "C:\Users\fgrv\Dev\CursorProjects\crackseg\src\main.py", line 695, in main
    metrics, optimizer, loss_fn = _setup_training_components(cfg, model)
                                  ^^^^^^^^^^^^^^^^^^^^^^^^^^^^^^^^^^^^^^
  File "C:\Users\fgrv\Dev\CursorProjects\crackseg\src\main.py", line 443, in _setup_training_components
    potential_loss_fn = get_loss_fn(cfg.training.loss)
                        ^^^^^^^^^^^^^^^^^^^^^^^^^^^^^^
  File "C:\Users\fgrv\Dev\CursorProjects\crackseg\src\crackseg\utils\factory\factory.py", line 153, in get_loss_fn
    raise e  # Re-raise specific config errors
    ^^^^^^^
  File "C:\Users\fgrv\Dev\CursorProjects\crackseg\src\crackseg\utils\factory\factory.py", line 103, in get_loss_fn
    loss_class = import_class(target_path)
                 ^^^^^^^^^^^^^^^^^^^^^^^^^
  File "C:\Users\fgrv\Dev\CursorProjects\crackseg\src\crackseg\utils\factory\factory.py", line 35, in import_class
    raise ConfigError(
crackseg.utils.core.exceptions.ConfigError: Failed to import class 'src.training.losses.BCEDiceLoss'
Details: No module named 'src.training'

--- --- ---
